140 runs to do (140 total, 0 already complete)
[1/140] sgd         lr=2.0      seed=0 train_loss=0.0863 test_err=51.58 | 0.7m elapsed, ~94m left
[2/140] sgd         lr=2.0      seed=1 train_loss=0.1029 test_err=51.46 | 0.7m elapsed, ~47m left
[3/140] sgd         lr=2.0      seed=2 train_loss=0.0975 test_err=52.24 | 1.1m elapsed, ~51m left
[4/140] sgd         lr=2.0      seed=3 train_loss=0.0804 test_err=51.66 | 1.1m elapsed, ~38m left
[5/140] sgd         lr=1.0      seed=0 train_loss=0.0603 test_err=51.03 | 1.5m elapsed, ~42m left
[6/140] sgd         lr=2.0      seed=4 train_loss=0.1323 test_err=51.60 | 1.6m elapsed, ~35m left
[7/140] sgd         lr=1.0      seed=1 train_loss=0.0540 test_err=50.66 | 2.0m elapsed, ~38m left
[8/140] sgd         lr=1.0      seed=2 train_loss=0.0866 test_err=50.87 | 2.0m elapsed, ~33m left
[9/140] sgd         lr=1.0      seed=3 train_loss=0.0508 test_err=49.67 | 2.4m elapsed, ~35m left
[10/140] sgd         lr=1.0      seed=4 train_loss=0.0670 test_err=49.57 | 2.5m elapsed, ~32m left
[11/140] sgd         lr=0.5      seed=0 train_loss=0.0727 test_err=49.23 | 2.9m elapsed, ~34m left
[12/140] sgd         lr=0.5      seed=1 train_loss=0.0648 test_err=49.84 | 2.9m elapsed, ~31m left
[13/140] sgd         lr=0.5      seed=2 train_loss=0.0917 test_err=50.40 | 3.3m elapsed, ~32m left
[14/140] sgd         lr=0.5      seed=3 train_loss=0.0607 test_err=49.88 | 3.4m elapsed, ~30m left
[15/140] sgd         lr=0.5      seed=4 train_loss=0.0766 test_err=50.38 | 3.8m elapsed, ~31m left
[16/140] sgd         lr=0.25     seed=0 train_loss=0.1168 test_err=50.28 | 3.9m elapsed, ~30m left
[17/140] sgd         lr=0.25     seed=1 train_loss=0.1155 test_err=50.68 | 4.2m elapsed, ~30m left
[18/140] sgd         lr=0.25     seed=2 train_loss=0.1564 test_err=50.83 | 4.3m elapsed, ~29m left
[19/140] sgd         lr=0.25     seed=3 train_loss=0.1070 test_err=50.59 | 4.6m elapsed, ~30m left
[20/140] sgd         lr=0.25     seed=4 train_loss=0.1192 test_err=50.56 | 4.8m elapsed, ~29m left
[21/140] sgd         lr=0.05     seed=0 train_loss=0.7177 test_err=52.34 | 5.1m elapsed, ~29m left
[22/140] sgd         lr=0.05     seed=1 train_loss=0.6735 test_err=53.70 | 5.2m elapsed, ~28m left
[23/140] sgd         lr=0.05     seed=2 train_loss=0.7027 test_err=52.92 | 5.5m elapsed, ~28m left
[24/140] sgd         lr=0.05     seed=3 train_loss=0.6825 test_err=51.95 | 5.7m elapsed, ~27m left
[25/140] sgd         lr=0.05     seed=4 train_loss=0.6848 test_err=53.72 | 6.0m elapsed, ~27m left
[26/140] sgd         lr=0.01     seed=0 train_loss=1.4127 test_err=59.58 | 6.1m elapsed, ~27m left
[27/140] sgd         lr=0.01     seed=1 train_loss=1.3919 test_err=59.77 | 6.4m elapsed, ~27m left
[28/140] sgd         lr=0.01     seed=2 train_loss=1.4288 test_err=59.35 | 6.6m elapsed, ~26m left
[29/140] sgd         lr=0.01     seed=3 train_loss=1.4236 test_err=60.25 | 6.9m elapsed, ~26m left
[30/140] sgd         lr=0.01     seed=4 train_loss=1.4190 test_err=59.24 | 7.0m elapsed, ~26m left
[31/140] heavy_ball  lr=2.0      seed=0 train_loss=2.3008 test_err=90.00 | 7.3m elapsed, ~26m left
[32/140] heavy_ball  lr=2.0      seed=1 train_loss=2.3011 test_err=90.00 | 7.5m elapsed, ~25m left
[33/140] heavy_ball  lr=2.0      seed=2 train_loss=1.8562 test_err=80.12 | 7.8m elapsed, ~25m left
[34/140] heavy_ball  lr=2.0      seed=3 train_loss=2.3011 test_err=90.00 | 7.9m elapsed, ~25m left
[35/140] heavy_ball  lr=2.0      seed=4 train_loss=2.3010 test_err=90.00 | 8.2m elapsed, ~25m left
[36/140] heavy_ball  lr=1.0      seed=0 train_loss=1.2107 test_err=59.97 | 8.4m elapsed, ~24m left
[37/140] heavy_ball  lr=1.0      seed=1 train_loss=1.3707 test_err=62.75 | 8.6m elapsed, ~24m left
[38/140] heavy_ball  lr=1.0      seed=2 train_loss=1.2120 test_err=60.07 | 8.8m elapsed, ~24m left
[39/140] heavy_ball  lr=1.0      seed=3 train_loss=1.4854 test_err=67.04 | 9.1m elapsed, ~24m left
[40/140] heavy_ball  lr=1.0      seed=4 train_loss=1.3695 test_err=60.69 | 9.2m elapsed, ~23m left
[41/140] heavy_ball  lr=0.5      seed=0 train_loss=0.2962 test_err=53.06 | 9.5m elapsed, ~23m left
[42/140] heavy_ball  lr=0.5      seed=1 train_loss=0.3343 test_err=53.05 | 9.7m elapsed, ~23m left
[43/140] heavy_ball  lr=0.5      seed=2 train_loss=0.4635 test_err=55.82 | 10.0m elapsed, ~22m left
[44/140] heavy_ball  lr=0.5      seed=3 train_loss=0.2433 test_err=53.89 | 10.2m elapsed, ~22m left
[45/140] heavy_ball  lr=0.5      seed=4 train_loss=0.3840 test_err=53.82 | 10.4m elapsed, ~22m left
[46/140] heavy_ball  lr=0.25     seed=0 train_loss=0.0869 test_err=52.95 | 10.6m elapsed, ~22m left
[47/140] heavy_ball  lr=0.25     seed=1 train_loss=0.0827 test_err=51.48 | 10.9m elapsed, ~22m left
[48/140] heavy_ball  lr=0.25     seed=2 train_loss=0.1149 test_err=53.67 | 11.1m elapsed, ~21m left
[49/140] heavy_ball  lr=0.25     seed=3 train_loss=0.0683 test_err=52.36 | 11.3m elapsed, ~21m left
[50/140] heavy_ball  lr=0.25     seed=4 train_loss=0.0671 test_err=52.36 | 11.5m elapsed, ~21m left
[51/140] heavy_ball  lr=0.05     seed=0 train_loss=0.0873 test_err=51.44 | 11.8m elapsed, ~21m left
[52/140] heavy_ball  lr=0.05     seed=1 train_loss=0.0665 test_err=50.16 | 12.0m elapsed, ~20m left
[53/140] heavy_ball  lr=0.05     seed=2 train_loss=0.0741 test_err=51.24 | 12.2m elapsed, ~20m left
[54/140] heavy_ball  lr=0.05     seed=3 train_loss=0.0698 test_err=51.26 | 12.4m elapsed, ~20m left
[55/140] heavy_ball  lr=0.05     seed=4 train_loss=0.0631 test_err=51.08 | 12.7m elapsed, ~20m left
[56/140] heavy_ball  lr=0.01     seed=0 train_loss=0.3809 test_err=53.41 | 12.9m elapsed, ~19m left
[57/140] heavy_ball  lr=0.01     seed=1 train_loss=0.3478 test_err=52.44 | 13.1m elapsed, ~19m left
[58/140] heavy_ball  lr=0.01     seed=2 train_loss=0.3718 test_err=51.99 | 13.3m elapsed, ~19m left
[59/140] heavy_ball  lr=0.01     seed=3 train_loss=0.3460 test_err=52.50 | 13.6m elapsed, ~19m left
[60/140] heavy_ball  lr=0.01     seed=4 train_loss=0.3416 test_err=51.79 | 13.7m elapsed, ~18m left
[61/140] adagrad     lr=0.1      seed=0 train_loss=0.1322 test_err=51.03 | 14.0m elapsed, ~18m left
[62/140] adagrad     lr=0.1      seed=1 train_loss=0.1239 test_err=49.65 | 14.2m elapsed, ~18m left
[63/140] adagrad     lr=0.1      seed=2 train_loss=0.1389 test_err=50.53 | 14.5m elapsed, ~18m left
[64/140] adagrad     lr=0.1      seed=3 train_loss=0.1191 test_err=51.18 | 14.6m elapsed, ~17m left
[65/140] adagrad     lr=0.1      seed=4 train_loss=0.1212 test_err=51.05 | 14.9m elapsed, ~17m left
[66/140] adagrad     lr=0.05     seed=0 train_loss=0.2866 test_err=52.46 | 15.1m elapsed, ~17m left
[67/140] adagrad     lr=0.05     seed=1 train_loss=0.2553 test_err=50.71 | 15.4m elapsed, ~17m left
[68/140] adagrad     lr=0.05     seed=2 train_loss=0.2985 test_err=51.33 | 15.6m elapsed, ~16m left
[69/140] adagrad     lr=0.05     seed=3 train_loss=0.2367 test_err=50.85 | 15.8m elapsed, ~16m left
[70/140] adagrad     lr=0.05     seed=4 train_loss=0.2490 test_err=50.67 | 16.0m elapsed, ~16m left
[71/140] adagrad     lr=0.01     seed=0 train_loss=1.0673 test_err=54.75 | 16.3m elapsed, ~16m left
[72/140] adagrad     lr=0.01     seed=1 train_loss=1.0310 test_err=55.07 | 16.5m elapsed, ~16m left
[73/140] adagrad     lr=0.01     seed=2 train_loss=1.0721 test_err=54.52 | 16.7m elapsed, ~15m left
[74/140] adagrad     lr=0.01     seed=3 train_loss=1.0492 test_err=54.76 | 16.9m elapsed, ~15m left
[75/140] adagrad     lr=0.01     seed=4 train_loss=1.0589 test_err=55.27 | 17.1m elapsed, ~15m left
[76/140] adagrad     lr=0.0075   seed=0 train_loss=1.1869 test_err=55.93 | 17.4m elapsed, ~15m left
[77/140] adagrad     lr=0.0075   seed=1 train_loss=1.1538 test_err=56.51 | 17.6m elapsed, ~14m left
[78/140] adagrad     lr=0.0075   seed=2 train_loss=1.1983 test_err=56.29 | 17.8m elapsed, ~14m left
[79/140] adagrad     lr=0.0075   seed=3 train_loss=1.1783 test_err=56.00 | 18.0m elapsed, ~14m left
[80/140] adagrad     lr=0.0075   seed=4 train_loss=1.1860 test_err=56.22 | 18.3m elapsed, ~14m left
[81/140] adagrad     lr=0.005    seed=0 train_loss=1.3417 test_err=58.28 | 18.5m elapsed, ~13m left
[82/140] adagrad     lr=0.005    seed=1 train_loss=1.3198 test_err=58.51 | 18.7m elapsed, ~13m left
[83/140] adagrad     lr=0.005    seed=2 train_loss=1.3590 test_err=58.23 | 18.9m elapsed, ~13m left
[84/140] adagrad     lr=0.005    seed=3 train_loss=1.3429 test_err=58.73 | 19.2m elapsed, ~13m left
[85/140] adagrad     lr=0.005    seed=4 train_loss=1.3423 test_err=58.11 | 19.4m elapsed, ~13m left
[86/140] rmsprop     lr=0.005    seed=0 train_loss=0.0844 test_err=49.86 | 19.6m elapsed, ~12m left
[87/140] rmsprop     lr=0.005    seed=1 train_loss=0.0722 test_err=50.78 | 19.8m elapsed, ~12m left
[88/140] rmsprop     lr=0.005    seed=2 train_loss=0.0921 test_err=49.80 | 20.1m elapsed, ~12m left
[89/140] rmsprop     lr=0.005    seed=3 train_loss=0.0582 test_err=50.57 | 20.3m elapsed, ~12m left
[90/140] rmsprop     lr=0.005    seed=4 train_loss=0.0967 test_err=49.05 | 20.5m elapsed, ~11m left
[91/140] rmsprop     lr=0.001    seed=0 train_loss=0.3056 test_err=52.51 | 20.7m elapsed, ~11m left
[92/140] rmsprop     lr=0.001    seed=1 train_loss=0.2570 test_err=52.43 | 21.0m elapsed, ~11m left
[93/140] rmsprop     lr=0.001    seed=2 train_loss=0.3267 test_err=51.22 | 21.1m elapsed, ~11m left
[94/140] rmsprop     lr=0.001    seed=3 train_loss=0.2684 test_err=51.86 | 21.4m elapsed, ~10m left
[95/140] rmsprop     lr=0.001    seed=4 train_loss=0.2865 test_err=51.65 | 21.6m elapsed, ~10m left
[96/140] rmsprop     lr=0.0005   seed=0 train_loss=0.6923 test_err=53.32 | 21.9m elapsed, ~10m left
[97/140] rmsprop     lr=0.0005   seed=1 train_loss=0.6545 test_err=52.99 | 22.0m elapsed, ~10m left
[98/140] rmsprop     lr=0.0005   seed=2 train_loss=0.6888 test_err=52.36 | 22.3m elapsed, ~10m left
[99/140] rmsprop     lr=0.0005   seed=3 train_loss=0.6476 test_err=52.31 | 22.5m elapsed, ~9m left
[100/140] rmsprop     lr=0.0005   seed=4 train_loss=0.6594 test_err=52.97 | 22.8m elapsed, ~9m left
[101/140] rmsprop     lr=0.0003   seed=0 train_loss=0.9661 test_err=54.19 | 22.9m elapsed, ~9m left
[102/140] rmsprop     lr=0.0003   seed=1 train_loss=0.9538 test_err=54.21 | 23.2m elapsed, ~9m left
[103/140] rmsprop     lr=0.0003   seed=2 train_loss=0.9825 test_err=54.51 | 23.4m elapsed, ~8m left
[104/140] rmsprop     lr=0.0003   seed=3 train_loss=0.9369 test_err=53.54 | 23.7m elapsed, ~8m left
[105/140] rmsprop     lr=0.0003   seed=4 train_loss=0.9538 test_err=54.03 | 23.8m elapsed, ~8m left
[106/140] rmsprop     lr=0.0001   seed=0 train_loss=1.4213 test_err=60.11 | 24.1m elapsed, ~8m left
[107/140] rmsprop     lr=0.0001   seed=1 train_loss=1.4252 test_err=60.38 | 24.2m elapsed, ~7m left
[108/140] rmsprop     lr=0.0001   seed=2 train_loss=1.4520 test_err=59.88 | 24.6m elapsed, ~7m left
[109/140] rmsprop     lr=0.0001   seed=3 train_loss=1.4260 test_err=59.78 | 24.7m elapsed, ~7m left
[110/140] rmsprop     lr=0.0001   seed=4 train_loss=1.4232 test_err=59.19 | 25.1m elapsed, ~7m left
[111/140] adam        lr=0.005    seed=0 train_loss=0.0452 test_err=51.59 | 25.1m elapsed, ~7m left
[112/140] adam        lr=0.005    seed=1 train_loss=0.0320 test_err=51.30 | 25.5m elapsed, ~6m left
[113/140] adam        lr=0.005    seed=2 train_loss=0.0427 test_err=51.54 | 25.6m elapsed, ~6m left
[114/140] adam        lr=0.005    seed=3 train_loss=0.0328 test_err=51.16 | 26.0m elapsed, ~6m left
[115/140] adam        lr=0.005    seed=4 train_loss=0.0379 test_err=50.24 | 26.1m elapsed, ~6m left
[116/140] adam        lr=0.001    seed=0 train_loss=0.3998 test_err=53.53 | 26.4m elapsed, ~5m left
[117/140] adam        lr=0.001    seed=1 train_loss=0.3745 test_err=53.04 | 26.5m elapsed, ~5m left
[118/140] adam        lr=0.001    seed=2 train_loss=0.3985 test_err=53.04 | 26.9m elapsed, ~5m left
[119/140] adam        lr=0.001    seed=3 train_loss=0.3827 test_err=53.75 | 27.0m elapsed, ~5m left
[120/140] adam        lr=0.001    seed=4 train_loss=0.3701 test_err=52.75 | 27.4m elapsed, ~5m left
[121/140] adam        lr=0.0005   seed=0 train_loss=0.8274 test_err=53.74 | 27.4m elapsed, ~4m left
[122/140] adam        lr=0.0005   seed=1 train_loss=0.8135 test_err=54.27 | 27.8m elapsed, ~4m left
[123/140] adam        lr=0.0005   seed=2 train_loss=0.8411 test_err=54.11 | 27.9m elapsed, ~4m left
[124/140] adam        lr=0.0005   seed=3 train_loss=0.8071 test_err=53.66 | 28.3m elapsed, ~4m left
[125/140] adam        lr=0.0005   seed=4 train_loss=0.8191 test_err=54.13 | 28.4m elapsed, ~3m left
[126/140] adam        lr=0.0003   seed=0 train_loss=1.1031 test_err=55.62 | 28.8m elapsed, ~3m left
[127/140] adam        lr=0.0003   seed=1 train_loss=1.0978 test_err=55.99 | 28.8m elapsed, ~3m left
[128/140] adam        lr=0.0003   seed=2 train_loss=1.1288 test_err=55.54 | 29.2m elapsed, ~3m left
[129/140] adam        lr=0.0003   seed=3 train_loss=1.0917 test_err=55.07 | 29.3m elapsed, ~2m left
[130/140] adam        lr=0.0003   seed=4 train_loss=1.1039 test_err=55.36 | 29.7m elapsed, ~2m left
[131/140] adam        lr=0.0001   seed=0 train_loss=1.5243 test_err=61.90 | 29.7m elapsed, ~2m left
[132/140] adam        lr=0.0001   seed=1 train_loss=1.5382 test_err=62.09 | 30.2m elapsed, ~2m left
[133/140] adam        lr=0.0001   seed=2 train_loss=1.5563 test_err=62.23 | 30.2m elapsed, ~2m left
[134/140] adam        lr=0.0001   seed=3 train_loss=1.5345 test_err=62.11 | 30.6m elapsed, ~1m left
[135/140] adam        lr=0.0001   seed=4 train_loss=1.5307 test_err=61.35 | 30.7m elapsed, ~1m left
[136/140] adam        lr=5e-05    seed=0 train_loss=1.7446 test_err=67.41 | 31.1m elapsed, ~1m left
[137/140] adam        lr=5e-05    seed=1 train_loss=1.7765 test_err=66.88 | 31.1m elapsed, ~1m left
[138/140] adam        lr=5e-05    seed=2 train_loss=1.7631 test_err=67.84 | 31.5m elapsed, ~0m left
[139/140] adam        lr=5e-05    seed=3 train_loss=1.7567 test_err=67.45 | 31.6m elapsed, ~0m left
[140/140] adam        lr=5e-05    seed=4 train_loss=1.7575 test_err=67.61 | 31.8m elapsed, ~0m left
sweep complete
